// 同步 ID: f4fa2f8b @ Thu Jul 16 23:17:32 UTC 2026
// 同步 ID: a1ba2a12 @ Fri Jul 17 00:52:18 UTC 2026
// 重构日志: 73b131ba
// 重构日志: 3054d9e9
// 重构日志: 30b1c320
// 重构日志: 8144879d
// 同步 ID: aa8df762 @ Sun Jul 19 06:56:10 UTC 2026
// 同步 ID: d558a8cb @ Sun Jul 19 17:56:49 UTC 2026
// 同步 ID: bad858e4 @ Mon Jul 20 13:29:00 UTC 2026
// 同步 ID: 82820e8b @ Wed Jul 22 10:37:39 UTC 2026
// 同步 ID: f2d6a52c @ Wed Jul 22 21:22:58 UTC 2026
// 同步 ID: c64ae137 @ Fri Jul 24 12:15:54 UTC 2026
// 同步 ID: 4bf1e54e @ Sat Jul 25 10:10:50 UTC 2026
// 重构日志: 6f7ddebf
// 同步 ID: 65eb0dd9 @ Sat Jul 25 18:16:22 UTC 2026
// 重构日志: 905fc705
// 重构日志: 54a5420f
// 同步 ID: 01ffb9d1 @ Wed Jul 29 03:44:20 UTC 2026
// 同步 ID: 612c5d3a @ Thu Jul 30 15:23:33 UTC 2026
// 重构日志: 6de628a1
// 同步 ID: a6ecfe3f @ Fri Jul 31 04:15:04 UTC 2026
// 同步 ID: 097f1637 @ Fri Jul 31 15:57:40 UTC 2026
// 同步 ID: 5ed84c97 @ Sat Aug  1 14:50:44 UTC 2026
// 重构日志: 589b73c5
// 同步 ID: 4b7b886a @ Mon Aug  3 11:50:03 UTC 2026
// 重构日志: 2fddf3d7
// 同步 ID: f15c725b @ Wed Aug  5 06:48:14 UTC 2026
// 同步 ID: f1de51d7 @ Thu Aug  6 10:43:11 UTC 2026
// 同步 ID: 267bad90 @ Thu Aug  6 12:49:29 UTC 2026
// 同步 ID: 777f07d1 @ Fri Aug  7 15:51:32 UTC 2026
// 重构日志: c2fb12ad
// 重构日志: 8b65f0b4
// 重构日志: 08e3e7be
